Archive member included to satisfy reference by file (symbol)

C:/ST/STM32CubeIDE_1.13.2/STM32CubeIDE/plugins/com.st.stm32cube.ide.mcu.externaltools.gnu-tools-for-stm32.11.3.rel1.win32_1.1.1.202309131626/tools/bin/../lib/gcc/arm-none-eabi/11.3.1/../../../../arm-none-eabi/lib/thumb/v7e-m+fp/hard\libc_nano.a(libc_a-exit.o)
                              C:/ST/STM32CubeIDE_1.13.2/STM32CubeIDE/plugins/com.st.stm32cube.ide.mcu.externaltools.gnu-tools-for-stm32.11.3.rel1.win32_1.1.1.202309131626/tools/bin/../lib/gcc/arm-none-eabi/11.3.1/../../../../arm-none-eabi/lib/thumb/v7e-m+fp/hard/crt0.o (exit)
C:/ST/STM32CubeIDE_1.13.2/STM32CubeIDE/plugins/com.st.stm32cube.ide.mcu.externaltools.gnu-tools-for-stm32.11.3.rel1.win32_1.1.1.202309131626/tools/bin/../lib/gcc/arm-none-eabi/11.3.1/../../../../arm-none-eabi/lib/thumb/v7e-m+fp/hard\libc_nano.a(libc_a-malloc.o)
                              ./Src/SHPR_Program.o (malloc)
C:/ST/STM32CubeIDE_1.13.2/STM32CubeIDE/plugins/com.st.stm32cube.ide.mcu.externaltools.gnu-tools-for-stm32.11.3.rel1.win32_1.1.1.202309131626/tools/bin/../lib/gcc/arm-none-eabi/11.3.1/../../../../arm-none-eabi/lib/thumb/v7e-m+fp/hard\libc_nano.a(libc_a-mallocr.o)
                              C:/ST/STM32CubeIDE_1.13.2/STM32CubeIDE/plugins/com.st.stm32cube.ide.mcu.externaltools.gnu-tools-for-stm32.11.3.rel1.win32_1.1.1.202309131626/tools/bin/../lib/gcc/arm-none-eabi/11.3.1/../../../../arm-none-eabi/lib/thumb/v7e-m+fp/hard\libc_nano.a(libc_a-malloc.o) (_malloc_r)
C:/ST/STM32CubeIDE_1.13.2/STM32CubeIDE/plugins/com.st.stm32cube.ide.mcu.externaltools.gnu-tools-for-stm32.11.3.rel1.win32_1.1.1.202309131626/tools/bin/../lib/gcc/arm-none-eabi/11.3.1/../../../../arm-none-eabi/lib/thumb/v7e-m+fp/hard\libc_nano.a(libc_a-mlock.o)
                              C:/ST/STM32CubeIDE_1.13.2/STM32CubeIDE/plugins/com.st.stm32cube.ide.mcu.externaltools.gnu-tools-for-stm32.11.3.rel1.win32_1.1.1.202309131626/tools/bin/../lib/gcc/arm-none-eabi/11.3.1/../../../../arm-none-eabi/lib/thumb/v7e-m+fp/hard\libc_nano.a(libc_a-mallocr.o) (__malloc_lock)
C:/ST/STM32CubeIDE_1.13.2/STM32CubeIDE/plugins/com.st.stm32cube.ide.mcu.externaltools.gnu-tools-for-stm32.11.3.rel1.win32_1.1.1.202309131626/tools/bin/../lib/gcc/arm-none-eabi/11.3.1/../../../../arm-none-eabi/lib/thumb/v7e-m+fp/hard\libc_nano.a(libc_a-findfp.o)
                              C:/ST/STM32CubeIDE_1.13.2/STM32CubeIDE/plugins/com.st.stm32cube.ide.mcu.externaltools.gnu-tools-for-stm32.11.3.rel1.win32_1.1.1.202309131626/tools/bin/../lib/gcc/arm-none-eabi/11.3.1/../../../../arm-none-eabi/lib/thumb/v7e-m+fp/hard\libc_nano.a(libc_a-exit.o) (__stdio_exit_handler)
C:/ST/STM32CubeIDE_1.13.2/STM32CubeIDE/plugins/com.st.stm32cube.ide.mcu.externaltools.gnu-tools-for-stm32.11.3.rel1.win32_1.1.1.202309131626/tools/bin/../lib/gcc/arm-none-eabi/11.3.1/../../../../arm-none-eabi/lib/thumb/v7e-m+fp/hard\libc_nano.a(libc_a-fwalk.o)
                              C:/ST/STM32CubeIDE_1.13.2/STM32CubeIDE/plugins/com.st.stm32cube.ide.mcu.externaltools.gnu-tools-for-stm32.11.3.rel1.win32_1.1.1.202309131626/tools/bin/../lib/gcc/arm-none-eabi/11.3.1/../../../../arm-none-eabi/lib/thumb/v7e-m+fp/hard\libc_nano.a(libc_a-findfp.o) (_fwalk_sglue)
C:/ST/STM32CubeIDE_1.13.2/STM32CubeIDE/plugins/com.st.stm32cube.ide.mcu.externaltools.gnu-tools-for-stm32.11.3.rel1.win32_1.1.1.202309131626/tools/bin/../lib/gcc/arm-none-eabi/11.3.1/../../../../arm-none-eabi/lib/thumb/v7e-m+fp/hard\libc_nano.a(libc_a-stdio.o)
                              C:/ST/STM32CubeIDE_1.13.2/STM32CubeIDE/plugins/com.st.stm32cube.ide.mcu.externaltools.gnu-tools-for-stm32.11.3.rel1.win32_1.1.1.202309131626/tools/bin/../lib/gcc/arm-none-eabi/11.3.1/../../../../arm-none-eabi/lib/thumb/v7e-m+fp/hard\libc_nano.a(libc_a-findfp.o) (__sread)
C:/ST/STM32CubeIDE_1.13.2/STM32CubeIDE/plugins/com.st.stm32cube.ide.mcu.externaltools.gnu-tools-for-stm32.11.3.rel1.win32_1.1.1.202309131626/tools/bin/../lib/gcc/arm-none-eabi/11.3.1/../../../../arm-none-eabi/lib/thumb/v7e-m+fp/hard\libc_nano.a(libc_a-memset.o)
                              C:/ST/STM32CubeIDE_1.13.2/STM32CubeIDE/plugins/com.st.stm32cube.ide.mcu.externaltools.gnu-tools-for-stm32.11.3.rel1.win32_1.1.1.202309131626/tools/bin/../lib/gcc/arm-none-eabi/11.3.1/../../../../arm-none-eabi/lib/thumb/v7e-m+fp/hard/crt0.o (memset)
C:/ST/STM32CubeIDE_1.13.2/STM32CubeIDE/plugins/com.st.stm32cube.ide.mcu.externaltools.gnu-tools-for-stm32.11.3.rel1.win32_1.1.1.202309131626/tools/bin/../lib/gcc/arm-none-eabi/11.3.1/../../../../arm-none-eabi/lib/thumb/v7e-m+fp/hard\libc_nano.a(libc_a-closer.o)
                              C:/ST/STM32CubeIDE_1.13.2/STM32CubeIDE/plugins/com.st.stm32cube.ide.mcu.externaltools.gnu-tools-for-stm32.11.3.rel1.win32_1.1.1.202309131626/tools/bin/../lib/gcc/arm-none-eabi/11.3.1/../../../../arm-none-eabi/lib/thumb/v7e-m+fp/hard\libc_nano.a(libc_a-stdio.o) (_close_r)
[...]
Memory Configuration

Name             Origin             Length             Attributes
RAM              0x0000000020000000 0x0000000000010000 xrw
FLASH            0x0000000008000000 0x0000000000040000 xr
*default*        0x0000000000000000 0xffffffffffffffff

Linker script and memory map

LOAD C:/ST/STM32CubeIDE_1.13.2/STM32CubeIDE/plugins/com.st.stm32cube.ide.mcu.externaltools.gnu-tools-for-stm32.11.3.rel1.win32_1.1.1.202309131626/tools/bin/../lib/gcc/arm-none-eabi/11.3.1/thumb/v7e-m+fp/hard/crti.o
LOAD C:/ST/STM32CubeIDE_1.13.2/STM32CubeIDE/plugins/com.st.stm32cube.ide.mcu.externaltools.gnu-tools-for-stm32.11.3.rel1.win32_1.1.1.202309131626/tools/bin/../lib/gcc/arm-none-eabi/11.3.1/thumb/v7e-m+fp/hard/crtbegin.o
LOAD C:/ST/STM32CubeIDE_1.13.2/STM32CubeIDE/plugins/com.st.stm32cube.ide.mcu.externaltools.gnu-tools-for-stm32.11.3.rel1.win32_1.1.1.202309131626/tools/bin/../lib/gcc/arm-none-eabi/11.3.1/../../../../arm-none-eabi/lib/thumb/v7e-m+fp/hard/crt0.o
LOAD ./Src/MFMI_Program.o
LOAD ./Src/MGPIO_Program.o
LOAD ./Src/MRCC_Program.o
LOAD ./Src/MSTK_Program.o
LOAD ./Src/MUSART_Program.o
LOAD ./Src/SHPR_Program.o
LOAD ./Src/main.o
LOAD ./Src/syscalls.o
LOAD ./Src/sysmem.o
LOAD ./Startup/startup_stm32f401ccux.o
START GROUP
LOAD C:/ST/STM32CubeIDE_1.13.2/STM32CubeIDE/plugins/com.st.stm32cube.ide.mcu.externaltools.gnu-tools-for-stm32.11.3.rel1.win32_1.1.1.202309131626/tools/bin/../lib/gcc/arm-none-eabi/11.3.1/../../../../arm-none-eabi/lib/thumb/v7e-m+fp/hard\libc_nano.a
LOAD C:/ST/STM32CubeIDE_1.13.2/STM32CubeIDE/plugins/com.st.stm32cube.ide.mcu.externaltools.gnu-tools-for-stm32.11.3.rel1.win32_1.1.1.202309131626/tools/bin/../lib/gcc/arm-none-eabi/11.3.1/../../../../arm-none-eabi/lib/thumb/v7e-m+fp/hard\libm.a
END GROUP
START GROUP
LOAD C:/ST/STM32CubeIDE_1.13.2/STM32CubeIDE/plugins/com.st.stm32cube.ide.mcu.externaltools.gnu-tools-for-stm32.11.3.rel1.win32_1.1.1.202309131626/tools/bin/../lib/gcc/arm-none-eabi/11.3.1/thumb/v7e-m+fp/hard\libgcc.a
LOAD C:/ST/STM32CubeIDE_1.13.2/STM32CubeIDE/plugins/com.st.stm32cube.ide.mcu.externaltools.gnu-tools-for-stm32.11.3.rel1.win32_1.1.1.202309131626/tools/bin/../lib/gcc/arm-none-eabi/11.3.1/../../../../arm-none-eabi/lib/thumb/v7e-m+fp/hard\libc_nano.a
END GROUP
START GROUP
LOAD C:/ST/STM32CubeIDE_1.13.2/STM32CubeIDE/plugins/com.st.stm32cube.ide.mcu.externaltools.gnu-tools-for-stm32.11.3.rel1.win32_1.1.1.202309131626/tools/bin/../lib/gcc/arm-none-eabi/11.3.1/thumb/v7e-m+fp/hard\libgcc.a
LOAD C:/ST/STM32CubeIDE_1.13.2/STM32CubeIDE/plugins/com.st.stm32cube.ide.mcu.externaltools.gnu-tools-for-stm32.11.3.rel1.win32_1.1.1.202309131626/tools/bin/../lib/gcc/arm-none-eabi/11.3.1/../../../../arm-none-eabi/lib/thumb/v7e-m+fp/hard\libc_nano.a
LOAD C:/ST/STM32CubeIDE_1.13.2/STM32CubeIDE/plugins/com.st.stm32cube.ide.mcu.externaltools.gnu-tools-for-stm32.11.3.rel1.win32_1.1.1.202309131626/tools/bin/../lib/gcc/arm-none-eabi/11.3.1/../../../../arm-none-eabi/lib/thumb/v7e-m+fp/hard\libnosys.a
END GROUP
START GROUP
LOAD C:/ST/STM32CubeIDE_1.13.2/STM32CubeIDE/plugins/com.st.stm32cube.ide.mcu.externaltools.gnu-tools-for-stm32.11.3.rel1.win32_1.1.1.202309131626/tools/bin/../lib/gcc/arm-none-eabi/11.3.1/thumb/v7e-m+fp/hard\libgcc.a
LOAD C:/ST/STM32CubeIDE_1.13.2/STM32CubeIDE/plugins/com.st.stm32cube.ide.mcu.externaltools.gnu-tools-for-stm32.11.3.rel1.win32_1.1.1.202309131626/tools/bin/../lib/gcc/arm-none-eabi/11.3.1/../../../../arm-none-eabi/lib/thumb/v7e-m+fp/hard\libc_nano.a
LOAD C:/ST/STM32CubeIDE_1.13.2/STM32CubeIDE/plugins/com.st.stm32cube.ide.mcu.externaltools.gnu-tools-for-stm32.11.3.rel1.win32_1.1.1.202309131626/tools/bin/../lib/gcc/arm-none-eabi/11.3.1/../../../../arm-none-eabi/lib/thumb/v7e-m+fp/hard\libnosys.a
END GROUP
LOAD C:/ST/STM32CubeIDE_1.13.2/STM32CubeIDE/plugins/com.st.stm32cube.ide.mcu.externaltools.gnu-tools-for-stm32.11.3.rel1.win32_1.1.1.202309131626/tools/bin/../lib/gcc/arm-none-eabi/11.3.1/thumb/v7e-m+fp/hard/crtend.o
LOAD C:/ST/STM32CubeIDE_1.13.2/STM32CubeIDE/plugins/com.st.stm32cube.ide.mcu.externaltools.gnu-tools-for-stm32.11.3.rel1.win32_1.1.1.202309131626/tools/bin/../lib/gcc/arm-none-eabi/11.3.1/thumb/v7e-m+fp/hard/crtn.o
                0x0000000020010000                _estack = (ORIGIN (RAM) + LENGTH (RAM))
                0x0000000000000200                _Min_Heap_Size = 0x200
                0x0000000000000400                _Min_Stack_Size = 0x400

.isr_vector     0x0000000008000000      0x194
                0x0000000008000000                . = ALIGN (0x4)
 *(.isr_vector)
 .isr_vector    0x0000000008000000      0x194 ./Startup/startup_stm32f401ccux.o
                0x0000000008000000                g_pfnVectors
                0x0000000008000194                . = ALIGN (0x4)

.text           0x0000000008000198     0x2248
                0x0000000008000198                . = ALIGN (0x4)
 *(.text)
 .text          0x0000000008000198       0x40 C:/ST/STM32CubeIDE_1.13.2/STM32CubeIDE/plugins/com.st.stm32cube.ide.mcu.externaltools.gnu-tools-for-stm32.11.3.rel1.win32_1.1.1.202309131626/tools/bin/../lib/gcc/arm-none-eabi/11.3.1/thumb/v7e-m+fp/hard/crtbegin.o
 .text          0x00000000080001d8      0x378 C:/ST/STM32CubeIDE_1.13.2/STM32CubeIDE/plugins/com.st.stm32cube.ide.mcu.externaltools.gnu-tools-for-stm32.11.3.rel1.win32_1.1.1.202309131626/tools/bin/../lib/gcc/arm-none-eabi/11.3.1/thumb/v7e-m+fp/hard\libgcc.a(_arm_addsubdf3.o)
                0x00000000080001d8                __aeabi_drsub
                0x00000000080001e0                __aeabi_dsub
                0x00000000080001e0                __subdf3
                0x00000000080001e4                __aeabi_dadd
                0x00000000080001e4                __adddf3
                0x000000000800045c                __floatunsidf
                0x000000000800045c                __aeabi_ui2d
                0x000000000800047c                __floatsidf
                0x000000000800047c                __aeabi_i2d
                0x00000000080004a0                __aeabi_f2d
                0x00000000080004a0                __extendsfdf2
                0x00000000080004e4                __floatundidf
                0x00000000080004e4                __aeabi_ul2d
                0x00000000080004f4                __floatdidf
                0x00000000080004f4                __aeabi_l2d
 .text          0x0000000008000550      0x424 C:/ST/STM32CubeIDE_1.13.2/STM32CubeIDE/plugins/com.st.stm32cube.ide.mcu.externaltools.gnu-tools-for-stm32.11.3.rel1.win32_1.1.1.202309131626/tools/bin/../lib/gcc/arm-none-eabi/11.3.1/thumb/v7e-m+fp/hard\libgcc.a(_arm_muldivdf3.o)
                0x0000000008000550                __aeabi_dmul
                0x0000000008000550                __muldf3
                0x00000000080007a4                __divdf3
                0x00000000080007a4                __aeabi_ddiv
 .text          0x0000000008000974       0x40 C:/ST/STM32CubeIDE_1.13.2/STM32CubeIDE/plugins/com.st.stm32cube.ide.mcu.externaltools.gnu-tools-for-stm32.11.3.rel1.win32_1.1.1.202309131626/tools/bin/../lib/gcc/arm-none-eabi/11.3.1/thumb/v7e-m+fp/hard\libgcc.a(_arm_fixunsdfsi.o)
                0x0000000008000974                __aeabi_d2uiz
                0x0000000008000974                __fixunsdfsi
 *(.text*)
 .text.MFMI_vInit
                0x00000000080009b4       0x24 ./Src/MFMI_Program.o
                0x00000000080009b4                MFMI_vInit
 .text.MFMI_getSectorNumber
                0x00000000080009d8       0x6c ./Src/MFMI_Program.o
                0x00000000080009d8                MFMI_getSectorNumber
 .text.MFMI_vSectorErase
                0x0000000008000a44       0x80 ./Src/MFMI_Program.o
                0x0000000008000a44                MFMI_vSectorErase
 .text.MFMI_vProgram
                0x0000000008000ac4       0x90 ./Src/MFMI_Program.o
                0x0000000008000ac4                MFMI_vProgram
 .text.Private_vFlashLock
                0x0000000008000b54       0x20 ./Src/MFMI_Program.o
 .text.Private_vFlashUnlock
                0x0000000008000b74       0x28 ./Src/MFMI_Program.o
 .text.MGPIO_vSetPinMode
                0x0000000008000b9c       0x4a ./Src/MGPIO_Program.o
                0x0000000008000b9c                MGPIO_vSetPinMode
 .text.MGPIO_vSetPinOutputType
                0x0000000008000be6       0x46 ./Src/MGPIO_Program.o
                0x0000000008000be6                MGPIO_vSetPinOutputType
 .text.MGPIO_vSetPinOutputSpeed
                0x0000000008000c2c       0x4a ./Src/MGPIO_Program.o
                0x0000000008000c2c                MGPIO_vSetPinOutputSpeed
 .text.MGPIO_vSetPinAFDirection
                0x0000000008000c76       0x74 ./Src/MGPIO_Program.o
                0x0000000008000c76                MGPIO_vSetPinAFDirection
 .text.MGPIO_vSetPinValue
                0x0000000008000cea       0x50 ./Src/MGPIO_Program.o
                0x0000000008000cea                MGPIO_vSetPinValue
 *fill*         0x0000000008000d3a        0x2 
 .text.MRCC_vInitSysAndBusClock
                0x0000000008000d3c       0x74 ./Src/MRCC_Program.o
                0x0000000008000d3c                MRCC_vInitSysAndBusClock
 .text.MRCC_vEnablePeriphClock
                0x0000000008000db0      0x11c ./Src/MRCC_Program.o
                0x0000000008000db0                MRCC_vEnablePeriphClock
 .text.MSTK_vInit
                0x0000000008000ecc       0x38 ./Src/MSTK_Program.o
                0x0000000008000ecc                MSTK_vInit
 .text.MSTK_vBusyWait
                0x0000000008000f04       0x58 ./Src/MSTK_Program.o
                0x0000000008000f04                MSTK_vBusyWait
 .text.SysTick_Handler
                0x0000000008000f5c       0x5c ./Src/MSTK_Program.o
                0x0000000008000f5c                SysTick_Handler
 .text.MUSART_vInit
                0x0000000008000fb8      0x270 ./Src/MUSART_Program.o
                0x0000000008000fb8                MUSART_vInit
 .text.MUSART_vEnable
                0x0000000008001228       0x20 ./Src/MUSART_Program.o
                0x0000000008001228                MUSART_vEnable
 .text.MUSART_vTransmitByte
                0x0000000008001248       0x46 ./Src/MUSART_Program.o
                0x0000000008001248                MUSART_vTransmitByte
 .text.MUSART_vTransmitString
                0x000000000800128e       0x3c ./Src/MUSART_Program.o
                0x000000000800128e                MUSART_vTransmitString
 *fill*         0x00000000080012ca        0x2 
 .text.MUSART_u8ReceiveByteSynchBlocking
                0x00000000080012cc       0x58 ./Src/MUSART_Program.o
                0x00000000080012cc                MUSART_u8ReceiveByteSynchBlocking
 .text.MUSART_vReceiveStringSynchBlocking
                0x0000000008001324       0x48 ./Src/MUSART_Program.o
                0x0000000008001324                MUSART_vReceiveStringSynchBlocking
 .text.MUSART_vRxIntStatus
                0x000000000800136c       0x40 ./Src/MUSART_Program.o
                0x000000000800136c                MUSART_vRxIntStatus
 .text.USART1_IRQHandler
                0x00000000080013ac       0x1c ./Src/MUSART_Program.o
                0x00000000080013ac                USART1_IRQHandler
 .text.USART2_IRQHandler
                0x00000000080013c8       0x1c ./Src/MUSART_Program.o
                0x00000000080013c8                USART2_IRQHandler
 .text.USART6_IRQHandler
                0x00000000080013e4       0x1c ./Src/MUSART_Program.o
                0x00000000080013e4                USART6_IRQHandler
 .text.Private_u8ASCII2Hex
                0x0000000008001400       0x40 ./Src/SHPR_Program.o
 .text.SHPR_u32ParseAddress
                0x0000000008001440       0x9c ./Src/SHPR_Program.o
                0x0000000008001440                SHPR_u32ParseAddress
 .text.SHPR_u8GetRecordLength
                0x00000000080014dc       0x34 ./Src/SHPR_Program.o
                0x00000000080014dc                SHPR_u8GetRecordLength
 .text.SHPR_vParseHexRecord
                0x0000000008001510      0x1bc ./Src/SHPR_Program.o
                0x0000000008001510                SHPR_vParseHexRecord
 .text.main     0x00000000080016cc      0x124 ./Src/main.o
                0x00000000080016cc                main
 .text.BOOT_vHWReset
                0x00000000080017f0       0x3c ./Src/main.o
                0x00000000080017f0                BOOT_vHWReset
 .text.BOOT_vInitESP
                0x000000000800182c      0x138 ./Src/main.o
                0x000000000800182c                BOOT_vInitESP
 .text.BOOT_vInit
                0x0000000008001964       0xbc ./Src/main.o
                0x0000000008001964                BOOT_vInit
 .text.BOOT_vGetFirmwareStatusAndAddress
                0x0000000008001a20      0x270 ./Src/main.o
                0x0000000008001a20                BOOT_vGetFirmwareStatusAndAddress
 .text.BOOT_vReceiveDataRecord
                0x0000000008001c90      0x208 ./Src/main.o
                0x0000000008001c90                BOOT_vReceiveDataRecord
 .text.BOOT_vCloseConnection
                0x0000000008001e98       0xa8 ./Src/main.o
                0x0000000008001e98                BOOT_vCloseConnection
 .text.BOOT_vUpdateFirmwareStatus
                0x0000000008001f40      0x1a8 ./Src/main.o
                0x0000000008001f40                BOOT_vUpdateFirmwareStatus
 .text.BOOT_vJumpToApplicationCode
                0x00000000080020e8       0x40 ./Src/main.o
                0x00000000080020e8                BOOT_vJumpToApplicationCode
 .text._sbrk    0x0000000008002128       0x6c ./Src/sysmem.o
                0x0000000008002128                _sbrk
 .text.Reset_Handler
                0x0000000008002194       0x50 ./Startup/startup_stm32f401ccux.o
                0x0000000008002194                Reset_Handler
 .text.Default_Handler
                0x00000000080021e4        0x2 ./Startup/startup_stm32f401ccux.o
                0x00000000080021e4                EXTI2_IRQHandler
                0x00000000080021e4                DebugMon_Handler
                0x00000000080021e4                SPI4_IRQHandler
                0x00000000080021e4                TIM1_CC_IRQHandler
                0x00000000080021e4                DMA2_Stream5_IRQHandler
                0x00000000080021e4                HardFault_Handler
                0x00000000080021e4                DMA1_Stream5_IRQHandler
                0x00000000080021e4                SDIO_IRQHandler
                0x00000000080021e4                TAMP_STAMP_IRQHandler
                0x00000000080021e4                PendSV_Handler
                0x00000000080021e4                NMI_Handler
                0x00000000080021e4                EXTI3_IRQHandler
                0x00000000080021e4                TIM1_UP_TIM10_IRQHandler
                0x00000000080021e4                I2C3_ER_IRQHandler
                0x00000000080021e4                EXTI18_OTG_FS_WKUP_IRQHandler
                0x00000000080021e4                EXTI0_IRQHandler
                0x00000000080021e4                I2C2_EV_IRQHandler
                0x00000000080021e4                DMA1_Stream2_IRQHandler
                0x00000000080021e4                UsageFault_Handler
                0x00000000080021e4                DMA2_Stream2_IRQHandler
                0x00000000080021e4                SPI1_IRQHandler
                0x00000000080021e4                TIM1_BRK_TIM9_IRQHandler
                0x00000000080021e4                DMA2_Stream3_IRQHandler
                0x00000000080021e4                DMA2_Stream0_IRQHandler
                0x00000000080021e4                TIM4_IRQHandler
                0x00000000080021e4                I2C1_EV_IRQHandler
                0x00000000080021e4                DMA1_Stream6_IRQHandler
                0x00000000080021e4                DMA1_Stream1_IRQHandler
                0x00000000080021e4                TIM3_IRQHandler
                0x00000000080021e4                RCC_IRQHandler
                0x00000000080021e4                Default_Handler
                0x00000000080021e4                EXTI15_10_IRQHandler
                0x00000000080021e4                ADC_IRQHandler
                0x00000000080021e4                DMA1_Stream7_IRQHandler
                0x00000000080021e4                TIM5_IRQHandler
                0x00000000080021e4                DMA2_Stream7_IRQHandler
                0x00000000080021e4                I2C3_EV_IRQHandler
                0x00000000080021e4                EXTI9_5_IRQHandler
                0x00000000080021e4                SPI2_IRQHandler
                0x00000000080021e4                MemManage_Handler
                0x00000000080021e4                DMA1_Stream0_IRQHandler
                0x00000000080021e4                SVC_Handler
                0x00000000080021e4                EXTI4_IRQHandler
                0x00000000080021e4                EXTI22_RTC_WKUP_IRQHandler
                0x00000000080021e4                TIM2_IRQHandler
                0x00000000080021e4                EXTI16_PVD_IRQHandler
                0x00000000080021e4                TIM1_TRG_COM_TIM11_IRQHandler
                0x00000000080021e4                EXTI1_IRQHandler
                0x00000000080021e4                EXTI17_RTC_Alarm_IRQHandler
                0x00000000080021e4                I2C2_ER_IRQHandler
                0x00000000080021e4                DMA2_Stream1_IRQHandler
                0x00000000080021e4                FLASH_IRQHandler
                0x00000000080021e4                DMA2_Stream4_IRQHandler
                0x00000000080021e4                BusFault_Handler
                0x00000000080021e4                OTG_FS_IRQHandler
                0x00000000080021e4                SPI3_IRQHandler
                0x00000000080021e4                DMA1_Stream4_IRQHandler
                0x00000000080021e4                I2C1_ER_IRQHandler
                0x00000000080021e4                DMA2_Stream6_IRQHandler
                0x00000000080021e4                DMA1_Stream3_IRQHandler
 *fill*         0x00000000080021e6        0x2 
 .text.malloc   0x00000000080021e8       0x10 C:/ST/STM32CubeIDE_1.13.2/STM32CubeIDE/plugins/com.st.stm32cube.ide.mcu.externaltools.gnu-tools-for-stm32.11.3.rel1.win32_1.1.1.202309131626/tools/bin/../lib/gcc/arm-none-eabi/11.3.1/../../../../arm-none-eabi/lib/thumb/v7e-m+fp/hard\libc_nano.a(libc_a-malloc.o)
                0x00000000080021e8                malloc
 .text.sbrk_aligned
                0x00000000080021f8       0x40 C:/ST/STM32CubeIDE_1.13.2/STM32CubeIDE/plugins/com.st.stm32cube.ide.mcu.externaltools.gnu-tools-for-stm32.11.3.rel1.win32_1.1.1.202309131626/tools/bin/../lib/gcc/arm-none-eabi/11.3.1/../../../../arm-none-eabi/lib/thumb/v7e-m+fp/hard\libc_nano.a(libc_a-mallocr.o)
 .text._malloc_r
                0x0000000008002238      0x100 C:/ST/STM32CubeIDE_1.13.2/STM32CubeIDE/plugins/com.st.stm32cube.ide.mcu.externaltools.gnu-tools-for-stm32.11.3.rel1.win32_1.1.1.202309131626/tools/bin/../lib/gcc/arm-none-eabi/11.3.1/../../../../arm-none-eabi/lib/thumb/v7e-m+fp/hard\libc_nano.a(libc_a-mallocr.o)
                0x0000000008002238                _malloc_r
 .text.__malloc_lock
                0x0000000008002338        0xc C:/ST/STM32CubeIDE_1.13.2/STM32CubeIDE/plugins/com.st.stm32cube.ide.mcu.externaltools.gnu-tools-for-stm32.11.3.rel1.win32_1.1.1.202309131626/tools/bin/../lib/gcc/arm-none-eabi/11.3.1/../../../../arm-none-eabi/lib/thumb/v7e-m+fp/hard\libc_nano.a(libc_a-mlock.o)
                0x0000000008002338                __malloc_lock
 .text.__malloc_unlock
                0x0000000008002344        0xc C:/ST/STM32CubeIDE_1.13.2/STM32CubeIDE/plugins/com.st.stm32cube.ide.mcu.externaltools.gnu-tools-for-stm32.11.3.rel1.win32_1.1.1.202309131626/tools/bin/../lib/gcc/arm-none-eabi/11.3.1/../../../../arm-none-eabi/lib/thumb/v7e-m+fp/hard\libc_nano.a(libc_a-mlock.o)
                0x0000000008002344                __malloc_unlock
 .text._sbrk_r  0x0000000008002350       0x20 C:/ST/STM32CubeIDE_1.13.2/STM32CubeIDE/plugins/com.st.stm32cube.ide.mcu.externaltools.gnu-tools-for-stm32.11.3.rel1.win32_1.1.1.202309131626/tools/bin/../lib/gcc/arm-none-eabi/11.3.1/../../../../arm-none-eabi/lib/thumb/v7e-m+fp/hard\libc_nano.a(libc_a-sbrkr.o)
                0x0000000008002350                _sbrk_r
 .text.__errno  0x0000000008002370        0xc C:/ST/STM32CubeIDE_1.13.2/STM32CubeIDE/plugins/com.st.stm32cube.ide.mcu.externaltools.gnu-tools-for-stm32.11.3.rel1.win32_1.1.1.202309131626/tools/bin/../lib/gcc/arm-none-eabi/11.3.1/../../../../arm-none-eabi/lib/thumb/v7e-m+fp/hard\libc_nano.a(libc_a-errno.o)
                0x0000000008002370                __errno
 .text.__libc_init_array
                0x000000000800237c       0x48 C:/ST/STM32CubeIDE_1.13.2/STM32CubeIDE/plugins/com.st.stm32cube.ide.mcu.externaltools.gnu-tools-for-stm32.11.3.rel1.win32_1.1.1.202309131626/tools/bin/../lib/gcc/arm-none-eabi/11.3.1/../../../../arm-none-eabi/lib/thumb/v7e-m+fp/hard\libc_nano.a(libc_a-init.o)
                0x000000000800237c                __libc_init_array
 .text.__retarget_lock_acquire_recursive
                0x00000000080023c4        0x2 C:/ST/STM32CubeIDE_1.13.2/STM32CubeIDE/plugins/com.st.stm32cube.ide.mcu.externaltools.gnu-tools-for-stm32.11.3.rel1.win32_1.1.1.202309131626/tools/bin/../lib/gcc/arm-none-eabi/11.3.1/../../../../arm-none-eabi/lib/thumb/v7e-m+fp/hard\libc_nano.a(libc_a-lock.o)
                0x00000000080023c4                __retarget_lock_acquire_recursive
 .text.__retarget_lock_release_recursive
                0x00000000080023c6        0x2 C:/ST/STM32CubeIDE_1.13.2/STM32CubeIDE/plugins/com.st.stm32cube.ide.mcu.externaltools.gnu-tools-for-stm32.11.3.rel1.win32_1.1.1.202309131626/tools/bin/../lib/gcc/arm-none-eabi/11.3.1/../../../../arm-none-eabi/lib/thumb/v7e-m+fp/hard\libc_nano.a(libc_a-lock.o)
                0x00000000080023c6                __retarget_lock_release_recursive
 *(.glue_7)
 .glue_7        0x00000000080023c8        0x0 linker stubs
 *(.glue_7t)
 .glue_7t       0x00000000080023c8        0x0 linker stubs
 *(.eh_frame)
 .eh_frame      0x00000000080023c8        0x0 C:/ST/STM32CubeIDE_1.13.2/STM32CubeIDE/plugins/com.st.stm32cube.ide.mcu.externaltools.gnu-tools-for-stm32.11.3.rel1.win32_1.1.1.202309131626/tools/bin/../lib/gcc/arm-none-eabi/11.3.1/thumb/v7e-m+fp/hard/crtbegin.o
 *(.init)
 .init          0x00000000080023c8        0x4 C:/ST/STM32CubeIDE_1.13.2/STM32CubeIDE/plugins/com.st.stm32cube.ide.mcu.externaltools.gnu-tools-for-stm32.11.3.rel1.win32_1.1.1.202309131626/tools/bin/../lib/gcc/arm-none-eabi/11.3.1/thumb/v7e-m+fp/hard/crti.o
                0x00000000080023c8                _init
 .init          0x00000000080023cc        0x8 C:/ST/STM32CubeIDE_1.13.2/STM32CubeIDE/plugins/com.st.stm32cube.ide.mcu.externaltools.gnu-tools-for-stm32.11.3.rel1.win32_1.1.1.202309131626/tools/bin/../lib/gcc/arm-none-eabi/11.3.1/thumb/v7e-m+fp/hard/crtn.o
 *(.fini)
 .fini          0x00000000080023d4        0x4 C:/ST/STM32CubeIDE_1.13.2/STM32CubeIDE/plugins/com.st.stm32cube.ide.mcu.externaltools.gnu-tools-for-stm32.11.3.rel1.win32_1.1.1.202309131626/tools/bin/../lib/gcc/arm-none-eabi/11.3.1/thumb/v7e-m+fp/hard/crti.o
                0x00000000080023d4                _fini
 .fini          0x00000000080023d8        0x8 C:/ST/STM32CubeIDE_1.13.2/STM32CubeIDE/plugins/com.st.stm32cube.ide.mcu.externaltools.gnu-tools-for-stm32.11.3.rel1.win32_1.1.1.202309131626/tools/bin/../lib/gcc/arm-none-eabi/11.3.1/thumb/v7e-m+fp/hard/crtn.o
                0x00000000080023e0                . = ALIGN (0x4)
                0x00000000080023e0                _etext = .

.vfp11_veneer   0x00000000080023e0        0x0
 .vfp11_veneer  0x00000000080023e0        0x0 linker stubs

.v4_bx          0x00000000080023e0        0x0
 .v4_bx         0x00000000080023e0        0x0 linker stubs

.iplt           0x00000000080023e0        0x0
 .iplt          0x00000000080023e0        0x0 C:/ST/STM32CubeIDE_1.13.2/STM32CubeIDE/plugins/com.st.stm32cube.ide.mcu.externaltools.gnu-tools-for-stm32.11.3.rel1.win32_1.1.1.202309131626/tools/bin/../lib/gcc/arm-none-eabi/11.3.1/thumb/v7e-m+fp/hard/crtbegin.o

.rodata         0x00000000080023e0      0x134
                0x00000000080023e0                . = ALIGN (0x4)
 *(.rodata)
 .rodata        0x00000000080023e0      0x134 ./Src/main.o
 *(.rodata*)
                0x0000000008002514                . = ALIGN (0x4)

.rel.dyn        0x0000000008002514        0x0
 .rel.iplt      0x0000000008002514        0x0 C:/ST/STM32CubeIDE_1.13.2/STM32CubeIDE/plugins/com.st.stm32cube.ide.mcu.externaltools.gnu-tools-for-stm32.11.3.rel1.win32_1.1.1.202309131626/tools/bin/../lib/gcc/arm-none-eabi/11.3.1/thumb/v7e-m+fp/hard/crtbegin.o

.ARM.extab      0x0000000008002514        0x0
                0x0000000008002514                . = ALIGN (0x4)
 *(.ARM.extab* .gnu.linkonce.armextab.*)
                0x0000000008002514                . = ALIGN (0x4)

.ARM            0x0000000008002514        0x0
                0x0000000008002514                . = ALIGN (0x4)
                0x0000000008002514                __exidx_start = .
 *(.ARM.exidx*)
                0x0000000008002514                __exidx_end = .
                0x0000000008002514                . = ALIGN (0x4)

.preinit_array  0x0000000008002514        0x0
                0x0000000008002514                . = ALIGN (0x4)
                0x0000000008002514                PROVIDE (__preinit_array_start = .)
 *(.preinit_array*)
                0x0000000008002514                PROVIDE (__preinit_array_end = .)
                0x0000000008002514                . = ALIGN (0x4)

.init_array     0x0000000008002514        0x4
                0x0000000008002514                . = ALIGN (0x4)
                0x0000000008002514                PROVIDE (__init_array_start = .)
 *(SORT_BY_NAME(.init_array.*))
 *(.init_array*)
 .init_array    0x0000000008002514        0x4 C:/ST/STM32CubeIDE_1.13.2/STM32CubeIDE/plugins/com.st.stm32cube.ide.mcu.externaltools.gnu-tools-for-stm32.11.3.rel1.win32_1.1.1.202309131626/tools/bin/../lib/gcc/arm-none-eabi/11.3.1/thumb/v7e-m+fp/hard/crtbegin.o
                0x0000000008002518                PROVIDE (__init_array_end = .)
                0x0000000008002518                . = ALIGN (0x4)

.fini_array     0x0000000008002518        0x4
                0x0000000008002518                . = ALIGN (0x4)
                [!provide]                        PROVIDE (__fini_array_start = .)
 *(SORT_BY_NAME(.fini_array.*))
 *(.fini_array*)
 .fini_array    0x0000000008002518        0x4 C:/ST/STM32CubeIDE_1.13.2/STM32CubeIDE/plugins/com.st.stm32cube.ide.mcu.externaltools.gnu-tools-for-stm32.11.3.rel1.win32_1.1.1.202309131626/tools/bin/../lib/gcc/arm-none-eabi/11.3.1/thumb/v7e-m+fp/hard/crtbegin.o
                [!provide]                        PROVIDE (__fini_array_end = .)
                0x000000000800251c                . = ALIGN (0x4)
                0x000000000800251c                _sidata = LOADADDR (.data)

.data           0x0000000020000000       0x58 load address 0x000000000800251c
                0x0000000020000000                . = ALIGN (0x4)
                0x0000000020000000                _sdata = .
 *(.data)
 *(.data*)
 .data.CIPSTART
                0x0000000020000000        0x4 ./Src/main.o
 .data.BOOT_u8CounterD0
                0x0000000020000004        0x1 ./Src/main.o
                0x0000000020000004                BOOT_u8CounterD0
 .data.BOOT_u8CounterD1
                0x0000000020000005        0x1 ./Src/main.o
                0x0000000020000005                BOOT_u8CounterD1
 .data.BOOT_u8CounterD2
                0x0000000020000006        0x1 ./Src/main.o
                0x0000000020000006                BOOT_u8CounterD2
 *fill*         0x0000000020000007        0x1 
 .data._impure_data
                0x0000000020000008       0x4c C:/ST/STM32CubeIDE_1.13.2/STM32CubeIDE/plugins/com.st.stm32cube.ide.mcu.externaltools.gnu-tools-for-stm32.11.3.rel1.win32_1.1.1.202309131626/tools/bin/../lib/gcc/arm-none-eabi/11.3.1/../../../../arm-none-eabi/lib/thumb/v7e-m+fp/hard\libc_nano.a(libc_a-impure.o)
                0x0000000020000008                _impure_data
 .data._impure_ptr
                0x0000000020000054        0x4 C:/ST/STM32CubeIDE_1.13.2/STM32CubeIDE/plugins/com.st.stm32cube.ide.mcu.externaltools.gnu-tools-for-stm32.11.3.rel1.win32_1.1.1.202309131626/tools/bin/../lib/gcc/arm-none-eabi/11.3.1/../../../../arm-none-eabi/lib/thumb/v7e-m+fp/hard\libc_nano.a(libc_a-impure.o)
                0x0000000020000054                _impure_ptr
 *(.RamFunc)
 *(.RamFunc*)
                0x0000000020000058                . = ALIGN (0x4)
                0x0000000020000058                _edata = .

.igot.plt       0x0000000020000058        0x0 load address 0x0000000008002574
 .igot.plt      0x0000000020000058        0x0 C:/ST/STM32CubeIDE_1.13.2/STM32CubeIDE/plugins/com.st.stm32cube.ide.mcu.externaltools.gnu-tools-for-stm32.11.3.rel1.win32_1.1.1.202309131626/tools/bin/../lib/gcc/arm-none-eabi/11.3.1/thumb/v7e-m+fp/hard/crtbegin.o
                0x0000000020000058                . = ALIGN (0x4)

.bss            0x0000000020000058      0x1fc load address 0x0000000008002574
                0x0000000020000058                _sbss = .
                0x0000000020000058                __bss_start__ = _sbss
 *(.bss)
 .bss           0x0000000020000058       0x1c C:/ST/STM32CubeIDE_1.13.2/STM32CubeIDE/plugins/com.st.stm32cube.ide.mcu.externaltools.gnu-tools-for-stm32.11.3.rel1.win32_1.1.1.202309131626/tools/bin/../lib/gcc/arm-none-eabi/11.3.1/thumb/v7e-m+fp/hard/crtbegin.o
 *(.bss*)
 .bss.MSTK_CallBack
                0x0000000020000074        0x4 ./Src/MSTK_Program.o
                0x0000000020000074                MSTK_CallBack
 .bss.Global_u8CallMode
                0x0000000020000078        0x1 ./Src/MSTK_Program.o
                0x0000000020000078                Global_u8CallMode
 *fill*         0x0000000020000079        0x3 
 .bss.MUSART1_CallBack
                0x000000002000007c        0x4 ./Src/MUSART_Program.o
                0x000000002000007c                MUSART1_CallBack
 .bss.MUSART2_CallBack
                0x0000000020000080        0x4 ./Src/MUSART_Program.o
                0x0000000020000080                MUSART2_CallBack
 .bss.MUSART6_CallBack
                0x0000000020000084        0x4 ./Src/MUSART_Program.o
                0x0000000020000084                MUSART6_CallBack
 .bss.Global_u32BaseAddress
                0x0000000020000088        0x4 ./Src/SHPR_Program.o
                0x0000000020000088                Global_u32BaseAddress
 .bss.BOOT_u8Buffer
                0x000000002000008c        0x1 ./Src/main.o
                0x000000002000008c                BOOT_u8Buffer
 .bss.BOOT_ContFlag
                0x000000002000008d        0x1 ./Src/main.o
                0x000000002000008d                BOOT_ContFlag
 .bss.BOOT_u8TimeOut
                0x000000002000008e        0x1 ./Src/main.o
                0x000000002000008e                BOOT_u8TimeOut
 *fill*         0x000000002000008f        0x1 
 .bss.BOOT_u32Address
                0x0000000020000090        0x4 ./Src/main.o
                0x0000000020000090                BOOT_u32Address
 .bss.BOOT_u8DataRecord
                0x0000000020000094       0x73 ./Src/main.o
                0x0000000020000094                BOOT_u8DataRecord
 .bss.BOOT_u8RecordLength
                0x0000000020000107        0x1 ./Src/main.o
                0x0000000020000107                BOOT_u8RecordLength
 .bss.__sbrk_heap_end
                0x0000000020000108        0x4 ./Src/sysmem.o
 .bss.__malloc_free_list
                0x000000002000010c        0x4 C:/ST/STM32CubeIDE_1.13.2/STM32CubeIDE/plugins/com.st.stm32cube.ide.mcu.externaltools.gnu-tools-for-stm32.11.3.rel1.win32_1.1.1.202309131626/tools/bin/../lib/gcc/arm-none-eabi/11.3.1/../../../../arm-none-eabi/lib/thumb/v7e-m+fp/hard\libc_nano.a(libc_a-mallocr.o)
                0x000000002000010c                __malloc_free_list
 .bss.__malloc_sbrk_start
                0x0000000020000110        0x4 C:/ST/STM32CubeIDE_1.13.2/STM32CubeIDE/plugins/com.st.stm32cube.ide.mcu.externaltools.gnu-tools-for-stm32.11.3.rel1.win32_1.1.1.202309131626/tools/bin/../lib/gcc/arm-none-eabi/11.3.1/../../../../arm-none-eabi/lib/thumb/v7e-m+fp/hard\libc_nano.a(libc_a-mallocr.o)
                0x0000000020000110                __malloc_sbrk_start
 .bss.__sf      0x0000000020000114      0x138 C:/ST/STM32CubeIDE_1.13.2/STM32CubeIDE/plugins/com.st.stm32cube.ide.mcu.externaltools.gnu-tools-for-stm32.11.3.rel1.win32_1.1.1.202309131626/tools/bin/../lib/gcc/arm-none-eabi/11.3.1/../../../../arm-none-eabi/lib/thumb/v7e-m+fp/hard\libc_nano.a(libc_a-findfp.o)
                0x0000000020000114                __sf
 .bss.errno     0x000000002000024c        0x4 C:/ST/STM32CubeIDE_1.13.2/STM32CubeIDE/plugins/com.st.stm32cube.ide.mcu.externaltools.gnu-tools-for-stm32.11.3.rel1.win32_1.1.1.202309131626/tools/bin/../lib/gcc/arm-none-eabi/11.3.1/../../../../arm-none-eabi/lib/thumb/v7e-m+fp/hard\libc_nano.a(libc_a-reent.o)
                0x000000002000024c                errno
 .bss.__lock___malloc_recursive_mutex
                0x0000000020000250        0x1 C:/ST/STM32CubeIDE_1.13.2/STM32CubeIDE/plugins/com.st.stm32cube.ide.mcu.externaltools.gnu-tools-for-stm32.11.3.rel1.win32_1.1.1.202309131626/tools/bin/../lib/gcc/arm-none-eabi/11.3.1/../../../../arm-none-eabi/lib/thumb/v7e-m+fp/hard\libc_nano.a(libc_a-lock.o)
                0x0000000020000250                __lock___malloc_recursive_mutex
 *(COMMON)
                0x0000000020000254                . = ALIGN (0x4)
 *fill*         0x0000000020000251        0x3 
                0x0000000020000254                _ebss = .
                0x0000000020000254                __bss_end__ = _ebss

._user_heap_stack
                0x0000000020000254      0x604 load address 0x0000000008002574
                0x0000000020000258                . = ALIGN (0x8)
 *fill*         0x0000000020000254        0x4 
                [!provide]                        PROVIDE (end = .)
                0x0000000020000258                PROVIDE (_end = .)
                0x0000000020000458                . = (. + _Min_Heap_Size)
 *fill*         0x0000000020000258      0x200 
                0x0000000020000858                . = (. + _Min_Stack_Size)
 *fill*         0x0000000020000458      0x400 
                0x0000000020000858                . = ALIGN (0x8)

/DISCARD/
 libc.a(*)
 libm.a(*)
 libgcc.a(*)

.ARM.attributes
                0x0000000000000000       0x30
 *(.ARM.attributes)
 .ARM.attributes
                0x0000000000000000       0x1e C:/ST/STM32CubeIDE_1.13.2/STM32CubeIDE/plugins/com.st.stm32cube.ide.mcu.externaltools.gnu-tools-for-stm32.11.3.rel1.win32_1.1.1.202309131626/tools/bin/../lib/gcc/arm-none-eabi/11.3.1/thumb/v7e-m+fp/hard/crti.o
 .ARM.attributes
                0x000000000000001e       0x34 C:/ST/STM32CubeIDE_1.13.2/STM32CubeIDE/plugins/com.st.stm32cube.ide.mcu.externaltools.gnu-tools-for-stm32.11.3.rel1.win32_1.1.1.202309131626/tools/bin/../lib/gcc/arm-none-eabi/11.3.1/thumb/v7e-m+fp/hard/crtbegin.o
 .ARM.attributes
                0x0000000000000052       0x34 ./Src/MFMI_Program.o
 .ARM.attributes
                0x0000000000000086       0x34 ./Src/MGPIO_Program.o
 .ARM.attributes
                0x00000000000000ba       0x34 ./Src/MRCC_Program.o
 .ARM.attributes
                0x00000000000000ee       0x34 ./Src/MSTK_Program.o
 .ARM.attributes
                0x0000000000000122       0x34 ./Src/MUSART_Program.o
 .ARM.attributes
                0x0000000000000156       0x34 ./Src/SHPR_Program.o
 .ARM.attributes
                0x000000000000018a       0x34 ./Src/main.o
 .ARM.attributes
                0x00000000000001be       0x34 ./Src/sysmem.o
 .ARM.attributes
                0x00000000000001f2       0x21 ./Startup/startup_stm32f401ccux.o
 .ARM.attributes
                0x0000000000000213       0x34 C:/ST/STM32CubeIDE_1.13.2/STM32CubeIDE/plugins/com.st.stm32cube.ide.mcu.externaltools.gnu-tools-for-stm32.11.3.rel1.win32_1.1.1.202309131626/tools/bin/../lib/gcc/arm-none-eabi/11.3.1/../../../../arm-none-eabi/lib/thumb/v7e-m+fp/hard\libc_nano.a(libc_a-malloc.o)
 .ARM.attributes
                0x0000000000000247       0x34 C:/ST/STM32CubeIDE_1.13.2/STM32CubeIDE/plugins/com.st.stm32cube.ide.mcu.externaltools.gnu-tools-for-stm32.11.3.rel1.win32_1.1.1.202309131626/tools/bin/../lib/gcc/arm-none-eabi/11.3.1/../../../../arm-none-eabi/lib/thumb/v7e-m+fp/hard\libc_nano.a(libc_a-mallocr.o)
 .ARM.attributes
                0x000000000000027b       0x34 C:/ST/STM32CubeIDE_1.13.2/STM32CubeIDE/plugins/com.st.stm32cube.ide.mcu.externaltools.gnu-tools-for-stm32.11.3.rel1.win32_1.1.1.202309131626/tools/bin/../lib/gcc/arm-none-eabi/11.3.1/../../../../arm-none-eabi/lib/thumb/v7e-m+fp/hard\libc_nano.a(libc_a-mlock.o)
 .ARM.attributes
                0x00000000000002af       0x34 C:/ST/STM32CubeIDE_1.13.2/STM32CubeIDE/plugins/com.st.stm32cube.ide.mcu.externaltools.gnu-tools-for-stm32.11.3.rel1.win32_1.1.1.202309131626/tools/bin/../lib/gcc/arm-none-eabi/11.3.1/../../../../arm-none-eabi/lib/thumb/v7e-m+fp/hard\libc_nano.a(libc_a-findfp.o)
 .ARM.attributes
                0x00000000000002e3       0x34 C:/ST/STM32CubeIDE_1.13.2/STM32CubeIDE/plugins/com.st.stm32cube.ide.mcu.externaltools.gnu-tools-for-stm32.11.3.rel1.win32_1.1.1.202309131626/tools/bin/../lib/gcc/arm-none-eabi/11.3.1/../../../../arm-none-eabi/lib/thumb/v7e-m+fp/hard\libc_nano.a(libc_a-reent.o)
 .ARM.attributes
                0x0000000000000317       0x34 C:/ST/STM32CubeIDE_1.13.2/STM32CubeIDE/plugins/com.st.stm32cube.ide.mcu.externaltools.gnu-tools-for-stm32.11.3.rel1.win32_1.1.1.202309131626/tools/bin/../lib/gcc/arm-none-eabi/11.3.1/../../../../arm-none-eabi/lib/thumb/v7e-m+fp/hard\libc_nano.a(libc_a-impure.o)
 .ARM.attributes
                0x000000000000034b       0x34 C:/ST/STM32CubeIDE_1.13.2/STM32CubeIDE/plugins/com.st.stm32cube.ide.mcu.externaltools.gnu-tools-for-stm32.11.3.rel1.win32_1.1.1.202309131626/tools/bin/../lib/gcc/arm-none-eabi/11.3.1/../../../../arm-none-eabi/lib/thumb/v7e-m+fp/hard\libc_nano.a(libc_a-sbrkr.o)
 .ARM.attributes
                0x000000000000037f       0x34 C:/ST/STM32CubeIDE_1.13.2/STM32CubeIDE/plugins/com.st.stm32cube.ide.mcu.externaltools.gnu-tools-for-stm32.11.3.rel1.win32_1.1.1.202309131626/tools/bin/../lib/gcc/arm-none-eabi/11.3.1/../../../../arm-none-eabi/lib/thumb/v7e-m+fp/hard\libc_nano.a(libc_a-errno.o)
 .ARM.attributes
                0x00000000000003b3       0x34 C:/ST/STM32CubeIDE_1.13.2/STM32CubeIDE/plugins/com.st.stm32cube.ide.mcu.externaltools.gnu-tools-for-stm32.11.3.rel1.win32_1.1.1.202309131626/tools/bin/../lib/gcc/arm-none-eabi/11.3.1/../../../../arm-none-eabi/lib/thumb/v7e-m+fp/hard\libc_nano.a(libc_a-init.o)
 .ARM.attributes
                0x00000000000003e7       0x34 C:/ST/STM32CubeIDE_1.13.2/STM32CubeIDE/plugins/com.st.stm32cube.ide.mcu.externaltools.gnu-tools-for-stm32.11.3.rel1.win32_1.1.1.202309131626/tools/bin/../lib/gcc/arm-none-eabi/11.3.1/../../../../arm-none-eabi/lib/thumb/v7e-m+fp/hard\libc_nano.a(libc_a-lock.o)
 .ARM.attributes
                0x000000000000041b       0x1e C:/ST/STM32CubeIDE_1.13.2/STM32CubeIDE/plugins/com.st.stm32cube.ide.mcu.externaltools.gnu-tools-for-stm32.11.3.rel1.win32_1.1.1.202309131626/tools/bin/../lib/gcc/arm-none-eabi/11.3.1/thumb/v7e-m+fp/hard\libgcc.a(_arm_addsubdf3.o)
 .ARM.attributes
                0x0000000000000439       0x1e C:/ST/STM32CubeIDE_1.13.2/STM32CubeIDE/plugins/com.st.stm32cube.ide.mcu.externaltools.gnu-tools-for-stm32.11.3.rel1.win32_1.1.1.202309131626/tools/bin/../lib/gcc/arm-none-eabi/11.3.1/thumb/v7e-m+fp/hard\libgcc.a(_arm_muldivdf3.o)
 .ARM.attributes
                0x0000000000000457       0x1e C:/ST/STM32CubeIDE_1.13.2/STM32CubeIDE/plugins/com.st.stm32cube.ide.mcu.externaltools.gnu-tools-for-stm32.11.3.rel1.win32_1.1.1.202309131626/tools/bin/../lib/gcc/arm-none-eabi/11.3.1/thumb/v7e-m+fp/hard\libgcc.a(_arm_fixunsdfsi.o)
 .ARM.attributes
                0x0000000000000475       0x1e C:/ST/STM32CubeIDE_1.13.2/STM32CubeIDE/plugins/com.st.stm32cube.ide.mcu.externaltools.gnu-tools-for-stm32.11.3.rel1.win32_1.1.1.202309131626/tools/bin/../lib/gcc/arm-none-eabi/11.3.1/thumb/v7e-m+fp/hard/crtn.o
OUTPUT(Project_FOTA_CubeIDE.elf elf32-littlearm)
LOAD linker stubs
LOAD C:/ST/STM32CubeIDE_1.13.2/STM32CubeIDE/plugins/com.st.stm32cube.ide.mcu.externaltools.gnu-tools-for-stm32.11.3.rel1.win32_1.1.1.202309131626/tools/bin/../lib/gcc/arm-none-eabi/11.3.1/../../../../arm-none-eabi/lib/thumb/v7e-m+fp/hard\libc.a
LOAD C:/ST/STM32CubeIDE_1.13.2/STM32CubeIDE/plugins/com.st.stm32cube.ide.mcu.externaltools.gnu-tools-for-stm32.11.3.rel1.win32_1.1.1.202309131626/tools/bin/../lib/gcc/arm-none-eabi/11.3.1/../../../../arm-none-eabi/lib/thumb/v7e-m+fp/hard\libm.a
LOAD C:/ST/STM32CubeIDE_1.13.2/STM32CubeIDE/plugins/com.st.stm32cube.ide.mcu.externaltools.gnu-tools-for-stm32.11.3.rel1.win32_1.1.1.202309131626/tools/bin/../lib/gcc/arm-none-eabi/11.3.1/thumb/v7e-m+fp/hard\libgcc.a

.comment        0x0000000000000000       0x43
 .comment       0x0000000000000000       0x43 C:/ST/STM32CubeIDE_1.13.2/STM32CubeIDE/plugins/com.st.stm32cube.ide.mcu.externaltools.gnu-tools-for-stm32.11.3.rel1.win32_1.1.1.202309131626/tools/bin/../lib/gcc/arm-none-eabi/11.3.1/thumb/v7e-m+fp/hard/crtbegin.o
                                         0x44 (size before relaxing)
 .comment       0x0000000000000043       0x44 ./Src/MFMI_Program.o
 .comment       0x0000000000000043       0x44 ./Src/MGPIO_Program.o
 .comment       0x0000000000000043       0x44 ./Src/MRCC_Program.o
 .comment       0x0000000000000043       0x44 ./Src/MSTK_Program.o
 .comment       0x0000000000000043       0x44 ./Src/MUSART_Program.o
 .comment       0x0000000000000043       0x44 ./Src/SHPR_Program.o
 .comment       0x0000000000000043       0x44 ./Src/main.o
 .comment       0x0000000000000043       0x44 ./Src/sysmem.o

.debug_info     0x0000000000000000     0x1fc3
 .debug_info    0x0000000000000000      0x282 ./Src/MFMI_Program.o
 .debug_info    0x0000000000000282      0x55c ./Src/MGPIO_Program.o
 .debug_info    0x00000000000007de      0x331 ./Src/MRCC_Program.o
 .debug_info    0x0000000000000b0f      0x1fe ./Src/MSTK_Program.o
 .debug_info    0x0000000000000d0d      0x5aa ./Src/MUSART_Program.o
 .debug_info    0x00000000000012b7      0x1f3 ./Src/SHPR_Program.o
 .debug_info    0x00000000000014aa      0x98e ./Src/main.o
 .debug_info    0x0000000000001e38      0x168 ./Src/sysmem.o
 .debug_info    0x0000000000001fa0       0x23 ./Startup/startup_stm32f401ccux.o

.debug_abbrev   0x0000000000000000      0x956
 .debug_abbrev  0x0000000000000000      0x13b ./Src/MFMI_Program.o
 .debug_abbrev  0x000000000000013b      0x124 ./Src/MGPIO_Program.o
 .debug_abbrev  0x000000000000025f       0xb0 ./Src/MRCC_Program.o
 .debug_abbrev  0x000000000000030f      0x10a ./Src/MSTK_Program.o
 .debug_abbrev  0x0000000000000419      0x174 ./Src/MUSART_Program.o
 .debug_abbrev  0x000000000000058d      0x121 ./Src/SHPR_Program.o
 .debug_abbrev  0x00000000000006ae      0x1da ./Src/main.o
 .debug_abbrev  0x0000000000000888       0xbc ./Src/sysmem.o
 .debug_abbrev  0x0000000000000944       0x12 ./Startup/startup_stm32f401ccux.o

.debug_aranges  0x0000000000000000      0x2d0
 .debug_aranges
                0x0000000000000000       0x48 ./Src/MFMI_Program.o
 .debug_aranges
                0x0000000000000048       0x70 ./Src/MGPIO_Program.o
 .debug_aranges
                0x00000000000000b8       0x30 ./Src/MRCC_Program.o
 .debug_aranges
                0x00000000000000e8       0x58 ./Src/MSTK_Program.o
 .debug_aranges
                0x0000000000000140       0xb0 ./Src/MUSART_Program.o
 .debug_aranges
                0x00000000000001f0       0x38 ./Src/SHPR_Program.o
 .debug_aranges
                0x0000000000000228       0x60 ./Src/main.o
 .debug_aranges
                0x0000000000000288       0x20 ./Src/sysmem.o
 .debug_aranges
                0x00000000000002a8       0x28 ./Startup/startup_stm32f401ccux.o

.debug_rnglists
                0x0000000000000000      0x1fd
 .debug_rnglists
                0x0000000000000000       0x33 ./Src/MFMI_Program.o
 .debug_rnglists
                0x0000000000000033       0x4f ./Src/MGPIO_Program.o
 .debug_rnglists
                0x0000000000000082       0x21 ./Src/MRCC_Program.o
 .debug_rnglists
                0x00000000000000a3       0x3d ./Src/MSTK_Program.o
 .debug_rnglists
                0x00000000000000e0       0x80 ./Src/MUSART_Program.o
 .debug_rnglists
                0x0000000000000160       0x27 ./Src/SHPR_Program.o
 .debug_rnglists
                0x0000000000000187       0x4a ./Src/main.o
 .debug_rnglists
                0x00000000000001d1       0x13 ./Src/sysmem.o
 .debug_rnglists
                0x00000000000001e4       0x19 ./Startup/startup_stm32f401ccux.o

.debug_macro    0x0000000000000000     0x209f
 .debug_macro   0x0000000000000000       0x40 ./Src/MFMI_Program.o
 .debug_macro   0x0000000000000040      0xaae ./Src/MFMI_Program.o
 .debug_macro   0x0000000000000aee       0x28 ./Src/MFMI_Program.o
 .debug_macro   0x0000000000000b16       0x10 ./Src/MFMI_Program.o
 .debug_macro   0x0000000000000b26       0x64 ./Src/MFMI_Program.o
 .debug_macro   0x0000000000000b8a       0x40 ./Src/MGPIO_Program.o
 .debug_macro   0x0000000000000bca       0x10 ./Src/MGPIO_Program.o
 .debug_macro   0x0000000000000bda       0x98 ./Src/MGPIO_Program.o
 .debug_macro   0x0000000000000c72       0x40 ./Src/MRCC_Program.o
 .debug_macro   0x0000000000000cb2       0x3a ./Src/MRCC_Program.o
 .debug_macro   0x0000000000000cec      0x15a ./Src/MRCC_Program.o
 .debug_macro   0x0000000000000e46       0x40 ./Src/MSTK_Program.o
 .debug_macro   0x0000000000000e86       0x10 ./Src/MSTK_Program.o
 .debug_macro   0x0000000000000e96       0x52 ./Src/MSTK_Program.o
 .debug_macro   0x0000000000000ee8       0x3f ./Src/MUSART_Program.o
 .debug_macro   0x0000000000000f27       0x16 ./Src/MUSART_Program.o
 .debug_macro   0x0000000000000f3d       0x76 ./Src/MUSART_Program.o
 .debug_macro   0x0000000000000fb3      0x16c ./Src/MUSART_Program.o
 .debug_macro   0x000000000000111f      0x120 ./Src/SHPR_Program.o
 .debug_macro   0x000000000000123f       0x2a ./Src/SHPR_Program.o
 .debug_macro   0x0000000000001269       0x22 ./Src/SHPR_Program.o
 .debug_macro   0x000000000000128b       0x5b ./Src/SHPR_Program.o
 .debug_macro   0x00000000000012e6       0x94 ./Src/SHPR_Program.o
 .debug_macro   0x000000000000137a       0x43 ./Src/SHPR_Program.o
 .debug_macro   0x00000000000013bd       0x34 ./Src/SHPR_Program.o
 .debug_macro   0x00000000000013f1       0x16 ./Src/SHPR_Program.o
 .debug_macro   0x0000000000001407      0x10e ./Src/SHPR_Program.o
 .debug_macro   0x0000000000001515       0x8d ./Src/SHPR_Program.o
 .debug_macro   0x00000000000015a2       0x16 ./Src/SHPR_Program.o
 .debug_macro   0x00000000000015b8       0x43 ./Src/SHPR_Program.o
 .debug_macro   0x00000000000015fb       0x57 ./Src/SHPR_Program.o
 .debug_macro   0x0000000000001652       0x34 ./Src/SHPR_Program.o
 .debug_macro   0x0000000000001686       0x10 ./Src/SHPR_Program.o
 .debug_macro   0x0000000000001696       0x58 ./Src/SHPR_Program.o
 .debug_macro   0x00000000000016ee       0x8e ./Src/SHPR_Program.o
 .debug_macro   0x000000000000177c       0x1c ./Src/SHPR_Program.o
 .debug_macro   0x0000000000001798      0x177 ./Src/SHPR_Program.o
 .debug_macro   0x000000000000190f      0x369 ./Src/SHPR_Program.o
 .debug_macro   0x0000000000001c78       0x16 ./Src/SHPR_Program.o
 .debug_macro   0x0000000000001c8e       0x29 ./Src/SHPR_Program.o
 .debug_macro   0x0000000000001cb7       0x67 ./Src/main.o
 .debug_macro   0x0000000000001d1e       0x46 ./Src/main.o
 .debug_macro   0x0000000000001d64       0xff ./Src/sysmem.o
 .debug_macro   0x0000000000001e63      0x23c ./Src/sysmem.o

.debug_line     0x0000000000000000     0x1fa6
 .debug_line    0x0000000000000000      0x1e1 ./Src/MFMI_Program.o
 .debug_line    0x00000000000001e1      0x20f ./Src/MGPIO_Program.o
 .debug_line    0x00000000000003f0      0x15d ./Src/MRCC_Program.o
 .debug_line    0x000000000000054d      0x1d4 ./Src/MSTK_Program.o
 .debug_line    0x0000000000000721      0x3b5 ./Src/MUSART_Program.o
 .debug_line    0x0000000000000ad6      0x778 ./Src/SHPR_Program.o
 .debug_line    0x000000000000124e      0x769 ./Src/main.o
 .debug_line    0x00000000000019b7      0x574 ./Src/sysmem.o
 .debug_line    0x0000000000001f2b       0x7b ./Startup/startup_stm32f401ccux.o

.debug_str      0x0000000000000000     0xa44f
 .debug_str     0x0000000000000000     0x334f ./Src/MFMI_Program.o
                                       0x33c5 (size before relaxing)
 .debug_str     0x000000000000334f      0x5f7 ./Src/MGPIO_Program.o
                                       0x3696 (size before relaxing)
 .debug_str     0x0000000000003946      0xe2b ./Src/MRCC_Program.o
                                       0x3eae (size before relaxing)
 .debug_str     0x0000000000004771      0x27b ./Src/MSTK_Program.o
                                       0x32eb (size before relaxing)
 .debug_str     0x00000000000049ec      0xe28 ./Src/MUSART_Program.o
                                       0x3e98 (size before relaxing)
 .debug_str     0x0000000000005814     0x38c9 ./Src/SHPR_Program.o
                                       0x6981 (size before relaxing)
 .debug_str     0x00000000000090dd      0x3fd ./Src/main.o
                                       0x42bc (size before relaxing)
 .debug_str     0x00000000000094da      0xf46 ./Src/sysmem.o
                                       0x6066 (size before relaxing)
 .debug_str     0x000000000000a420       0x2f ./Startup/startup_stm32f401ccux.o
                                         0x75 (size before relaxing)

.debug_frame    0x0000000000000000      0xda8
 .debug_frame   0x0000000000000000       0xdc ./Src/MFMI_Program.o
 .debug_frame   0x00000000000000dc      0x1c8 ./Src/MGPIO_Program.o
 .debug_frame   0x00000000000002a4       0x80 ./Src/MRCC_Program.o
 .debug_frame   0x0000000000000324      0x124 ./Src/MSTK_Program.o
 .debug_frame   0x0000000000000448      0x2d8 ./Src/MUSART_Program.o
 .debug_frame   0x0000000000000720       0xb0 ./Src/SHPR_Program.o
 .debug_frame   0x00000000000007d0      0x130 ./Src/main.o
 .debug_frame   0x0000000000000900       0x34 ./Src/sysmem.o
 .debug_frame   0x0000000000000934       0x30 C:/ST/STM32CubeIDE_1.13.2/STM32CubeIDE/plugins/com.st.stm32cube.ide.mcu.externaltools.gnu-tools-for-stm32.11.3.rel1.win32_1.1.1.202309131626/tools/bin/../lib/gcc/arm-none-eabi/11.3.1/../../../../arm-none-eabi/lib/thumb/v7e-m+fp/hard\libc_nano.a(libc_a-malloc.o)
 .debug_frame   0x0000000000000964       0x50 C:/ST/STM32CubeIDE_1.13.2/STM32CubeIDE/plugins/com.st.stm32cube.ide.mcu.externaltools.gnu-tools-for-stm32.11.3.rel1.win32_1.1.1.202309131626/tools/bin/../lib/gcc/arm-none-eabi/11.3.1/../../../../arm-none-eabi/lib/thumb/v7e-m+fp/hard\libc_nano.a(libc_a-mallocr.o)
 .debug_frame   0x00000000000009b4       0x30 C:/ST/STM32CubeIDE_1.13.2/STM32CubeIDE/plugins/com.st.stm32cube.ide.mcu.externaltools.gnu-tools-for-stm32.11.3.rel1.win32_1.1.1.202309131626/tools/bin/../lib/gcc/arm-none-eabi/11.3.1/../../../../arm-none-eabi/lib/thumb/v7e-m+fp/hard\libc_nano.a(libc_a-mlock.o)
 .debug_frame   0x00000000000009e4      0x144 C:/ST/STM32CubeIDE_1.13.2/STM32CubeIDE/plugins/com.st.stm32cube.ide.mcu.externaltools.gnu-tools-for-stm32.11.3.rel1.win32_1.1.1.202309131626/tools/bin/../lib/gcc/arm-none-eabi/11.3.1/../../../../arm-none-eabi/lib/thumb/v7e-m+fp/hard\libc_nano.a(libc_a-findfp.o)
 .debug_frame   0x0000000000000b28       0x38 C:/ST/STM32CubeIDE_1.13.2/STM32CubeIDE/plugins/com.st.stm32cube.ide.mcu.externaltools.gnu-tools-for-stm32.11.3.rel1.win32_1.1.1.202309131626/tools/bin/../lib/gcc/arm-none-eabi/11.3.1/../../../../arm-none-eabi/lib/thumb/v7e-m+fp/hard\libc_nano.a(libc_a-reent.o)
 .debug_frame   0x0000000000000b60       0x2c C:/ST/STM32CubeIDE_1.13.2/STM32CubeIDE/plugins/com.st.stm32cube.ide.mcu.externaltools.gnu-tools-for-stm32.11.3.rel1.win32_1.1.1.202309131626/tools/bin/../lib/gcc/arm-none-eabi/11.3.1/../../../../arm-none-eabi/lib/thumb/v7e-m+fp/hard\libc_nano.a(libc_a-sbrkr.o)
 .debug_frame   0x0000000000000b8c       0x20 C:/ST/STM32CubeIDE_1.13.2/STM32CubeIDE/plugins/com.st.stm32cube.ide.mcu.externaltools.gnu-tools-for-stm32.11.3.rel1.win32_1.1.1.202309131626/tools/bin/../lib/gcc/arm-none-eabi/11.3.1/../../../../arm-none-eabi/lib/thumb/v7e-m+fp/hard\libc_nano.a(libc_a-errno.o)
 .debug_frame   0x0000000000000bac       0x2c C:/ST/STM32CubeIDE_1.13.2/STM32CubeIDE/plugins/com.st.stm32cube.ide.mcu.externaltools.gnu-tools-for-stm32.11.3.rel1.win32_1.1.1.202309131626/tools/bin/../lib/gcc/arm-none-eabi/11.3.1/../../../../arm-none-eabi/lib/thumb/v7e-m+fp/hard\libc_nano.a(libc_a-init.o)
 .debug_frame   0x0000000000000bd8       0xb0 C:/ST/STM32CubeIDE_1.13.2/STM32CubeIDE/plugins/com.st.stm32cube.ide.mcu.externaltools.gnu-tools-for-stm32.11.3.rel1.win32_1.1.1.202309131626/tools/bin/../lib/gcc/arm-none-eabi/11.3.1/../../../../arm-none-eabi/lib/thumb/v7e-m+fp/hard\libc_nano.a(libc_a-lock.o)
 .debug_frame   0x0000000000000c88       0xac C:/ST/STM32CubeIDE_1.13.2/STM32CubeIDE/plugins/com.st.stm32cube.ide.mcu.externaltools.gnu-tools-for-stm32.11.3.rel1.win32_1.1.1.202309131626/tools/bin/../lib/gcc/arm-none-eabi/11.3.1/thumb/v7e-m+fp/hard\libgcc.a(_arm_addsubdf3.o)
 .debug_frame   0x0000000000000d34       0x50 C:/ST/STM32CubeIDE_1.13.2/STM32CubeIDE/plugins/com.st.stm32cube.ide.mcu.externaltools.gnu-tools-for-stm32.11.3.rel1.win32_1.1.1.202309131626/tools/bin/../lib/gcc/arm-none-eabi/11.3.1/thumb/v7e-m+fp/hard\libgcc.a(_arm_muldivdf3.o)
 .debug_frame   0x0000000000000d84       0x24 C:/ST/STM32CubeIDE_1.13.2/STM32CubeIDE/plugins/com.st.stm32cube.ide.mcu.externaltools.gnu-tools-for-stm32.11.3.rel1.win32_1.1.1.202309131626/tools/bin/../lib/gcc/arm-none-eabi/11.3.1/thumb/v7e-m+fp/hard\libgcc.a(_arm_fixunsdfsi.o)

.debug_line_str
                0x0000000000000000       0x69
 .debug_line_str
                0x0000000000000000       0x69 ./Startup/startup_stm32f401ccux.o
                                         0x81 (size before relaxing)
