../Src/main.c:59:5:main	8	static
../Src/main.c:91:6:BOOT_vHWReset	8	static
../Src/main.c:99:6:BOOT_vInitESP	8	static
../Src/main.c:138:6:BOOT_vInit	24	static
../Src/main.c:168:6:BOOT_vGetFirmwareStatus	8	static
../Src/main.c:247:6:BOOT_vEraseSectors	16	static
../Src/main.c:252:6:BOOT_vJumpToApplicationCode	24	static,ignoring_inline_asm
../Src/main.c:265:6:BOOT_vReceiveDataRecord	8	static
../Src/main.c:331:6:BOOT_vFlashRecord	8	static
../Src/main.c:337:6:BOOT_vUpdateFirmwareStatus	8	static
../Src/main.c:396:6:BOOT_vCloseConnection	8	static
